// Jest Snapshot v1, https://goo.gl/fbAQLP

exports[`Should render Pagination correctly with items 1`] = `
<MemoryRouter
  initialEntries={
    Array [
      Object {
        "key": "static",
      },
    ]
  }
>
  <Router
    history={
      Object {
        "action": "POP",
        "block": [Function],
        "canGo": [Function],
        "createHref": [Function],
        "entries": Array [
          Object {
            "hash": "",
            "key": "static",
            "pathname": "/",
            "search": "",
          },
        ],
        "go": [Function],
        "goBack": [Function],
        "goForward": [Function],
        "index": 0,
        "length": 1,
        "listen": [Function],
        "location": Object {
          "hash": "",
          "key": "static",
          "pathname": "/",
          "search": "",
        },
        "push": [Function],
        "replace": [Function],
      }
    }
  >
    <Provider
      store={
        Object {
          "dispatch": [Function],
          "getState": [Function],
          "replaceReducer": [Function],
          "subscribe": [Function],
          Symbol(observable): [Function],
        }
      }
    >
      <List>
        <div
          className="list"
        >
          <div
            className="container"
          >
            <ListFilters>
              <section
                className="filters"
              >
                <div
                  className="container"
                >
                  <div
                    className="filters__content"
                  >
                    <input
                      className="filters__item"
                      onChange={[Function]}
                      placeholder="Search"
                      type="text"
                      value=""
                    />
                  </div>
                </div>
              </section>
            </ListFilters>
            <div
              className="list__table"
            >
              <ListHeader>
                <div
                  className="list__header"
                >
                  <div
                    className="list__header-item"
                  >
                    <div
                      className="list__name"
                      onClick={[Function]}
                    >
                      <span>
                        Name
                      </span>
                      <i
                        className="fas fa-sort-down"
                      />
                    </div>
                    <p
                      className="list__status"
                    >
                      Status
                    </p>
                    <div
                      className="list__invoice"
                      onClick={[Function]}
                    >
                      <span>
                        Invoice
                      </span>
                      <i
                        className="fas fa-sort-down"
                      />
                    </div>
                    <p
                      className="list__dropdown"
                    >
                      Options
                    </p>
                  </div>
                </div>
              </ListHeader>
              <ListBody
                currentItems={
                  Array [
                    Object {
                      "color": "green",
                      "description": "This is my proyect fixure 1",
                      "endDate": 1616968800000,
                      "id": "p1",
                      "invoice": "100",
                      "name": "Proyect 1",
                      "startDate": 1616626800000,
                      "status": "todo",
                    },
                    Object {
                      "color": "red",
                      "description": "This is my proyect fixure 2",
                      "endDate": 1616968800000,
                      "id": "p2",
                      "invoice": "200",
                      "name": "Proyect 2",
                      "startDate": 1616626800000,
                      "status": "doing",
                    },
                    Object {
                      "color": "blue",
                      "description": "This is my proyect fixure 3",
                      "endDate": 1616968800000,
                      "id": "p3",
                      "invoice": "300",
                      "name": "Proyect 3",
                      "startDate": 1616626800000,
                      "status": "done",
                    },
                    Object {
                      "color": "green",
                      "description": "This is my proyect fixure 4",
                      "endDate": 1616968800000,
                      "id": "p4",
                      "invoice": "100",
                      "name": "Proyect 4",
                      "startDate": 1616626800000,
                      "status": "todo",
                    },
                    Object {
                      "color": "red",
                      "description": "This is my proyect fixure 5",
                      "endDate": 1616968800000,
                      "id": "p5",
                      "invoice": "200",
                      "name": "Proyect 5",
                      "startDate": 1616626800000,
                      "status": "doing",
                    },
                  ]
                }
              >
                <div
                  className="list__body"
                >
                  <ListItem
                    color="green"
                    description="This is my proyect fixure 1"
                    endDate={1616968800000}
                    id="p1"
                    invoice="100"
                    key="p1"
                    name="Proyect 1"
                    startDate={1616626800000}
                    status="todo"
                  >
                    <div
                      className="list__body-item"
                      key="p1"
                    >
                      <Link
                        className="list__name"
                        data-id="p1"
                        onClick={[Function]}
                        to="/proyect/p1"
                      >
                        <LinkAnchor
                          className="list__name"
                          data-id="p1"
                          href="/proyect/p1"
                          navigate={[Function]}
                          onClick={[Function]}
                        >
                          <a
                            className="list__name"
                            data-id="p1"
                            href="/proyect/p1"
                            onClick={[Function]}
                          >
                            Proyect 1
                          </a>
                        </LinkAnchor>
                      </Link>
                      <p
                        className="list__status list__status--todo"
                      >
                        todo
                      </p>
                      <p
                        className="list__invoice"
                      >
                        100
                      </p>
                      <div
                        className="list__dropdown"
                      >
                        <div
                          className="list__dropdown-button"
                          onMouseEnter={[Function]}
                        >
                          <i
                            className="fas fa-sliders-h"
                          />
                          <i
                            className="fas fa-sort-down"
                          />
                        </div>
                        <div
                          className="list__dropdown-content"
                        >
                          <ul>
                            <li
                              className="editBtn"
                              data-id="p1"
                              onClick={[Function]}
                            >
                              Edit
                            </li>
                            <li
                              className="removeBtn"
                              data-id="p1"
                              onClick={[Function]}
                            >
                              Remove
                            </li>
                          </ul>
                        </div>
                      </div>
                    </div>
                  </ListItem>
                  <ListItem
                    color="red"
                    description="This is my proyect fixure 2"
                    endDate={1616968800000}
                    id="p2"
                    invoice="200"
                    key="p2"
                    name="Proyect 2"
                    startDate={1616626800000}
                    status="doing"
                  >
                    <div
                      className="list__body-item"
                      key="p2"
                    >
                      <Link
                        className="list__name"
                        data-id="p2"
                        onClick={[Function]}
                        to="/proyect/p2"
                      >
                        <LinkAnchor
                          className="list__name"
                          data-id="p2"
                          href="/proyect/p2"
                          navigate={[Function]}
                          onClick={[Function]}
                        >
                          <a
                            className="list__name"
                            data-id="p2"
                            href="/proyect/p2"
                            onClick={[Function]}
                          >
                            Proyect 2
                          </a>
                        </LinkAnchor>
                      </Link>
                      <p
                        className="list__status list__status--doing"
                      >
                        doing
                      </p>
                      <p
                        className="list__invoice"
                      >
                        200
                      </p>
                      <div
                        className="list__dropdown"
                      >
                        <div
                          className="list__dropdown-button"
                          onMouseEnter={[Function]}
                        >
                          <i
                            className="fas fa-sliders-h"
                          />
                          <i
                            className="fas fa-sort-down"
                          />
                        </div>
                        <div
                          className="list__dropdown-content"
                        >
                          <ul>
                            <li
                              className="editBtn"
                              data-id="p2"
                              onClick={[Function]}
                            >
                              Edit
                            </li>
                            <li
                              className="removeBtn"
                              data-id="p2"
                              onClick={[Function]}
                            >
                              Remove
                            </li>
                          </ul>
                        </div>
                      </div>
                    </div>
                  </ListItem>
                  <ListItem
                    color="blue"
                    description="This is my proyect fixure 3"
                    endDate={1616968800000}
                    id="p3"
                    invoice="300"
                    key="p3"
                    name="Proyect 3"
                    startDate={1616626800000}
                    status="done"
                  >
                    <div
                      className="list__body-item"
                      key="p3"
                    >
                      <Link
                        className="list__name"
                        data-id="p3"
                        onClick={[Function]}
                        to="/proyect/p3"
                      >
                        <LinkAnchor
                          className="list__name"
                          data-id="p3"
                          href="/proyect/p3"
                          navigate={[Function]}
                          onClick={[Function]}
                        >
                          <a
                            className="list__name"
                            data-id="p3"
                            href="/proyect/p3"
                            onClick={[Function]}
                          >
                            Proyect 3
                          </a>
                        </LinkAnchor>
                      </Link>
                      <p
                        className="list__status list__status--done"
                      >
                        done
                      </p>
                      <p
                        className="list__invoice"
                      >
                        300
                      </p>
                      <div
                        className="list__dropdown"
                      >
                        <div
                          className="list__dropdown-button"
                          onMouseEnter={[Function]}
                        >
                          <i
                            className="fas fa-sliders-h"
                          />
                          <i
                            className="fas fa-sort-down"
                          />
                        </div>
                        <div
                          className="list__dropdown-content"
                        >
                          <ul>
                            <li
                              className="editBtn"
                              data-id="p3"
                              onClick={[Function]}
                            >
                              Edit
                            </li>
                            <li
                              className="removeBtn"
                              data-id="p3"
                              onClick={[Function]}
                            >
                              Remove
                            </li>
                          </ul>
                        </div>
                      </div>
                    </div>
                  </ListItem>
                  <ListItem
                    color="green"
                    description="This is my proyect fixure 4"
                    endDate={1616968800000}
                    id="p4"
                    invoice="100"
                    key="p4"
                    name="Proyect 4"
                    startDate={1616626800000}
                    status="todo"
                  >
                    <div
                      className="list__body-item"
                      key="p4"
                    >
                      <Link
                        className="list__name"
                        data-id="p4"
                        onClick={[Function]}
                        to="/proyect/p4"
                      >
                        <LinkAnchor
                          className="list__name"
                          data-id="p4"
                          href="/proyect/p4"
                          navigate={[Function]}
                          onClick={[Function]}
                        >
                          <a
                            className="list__name"
                            data-id="p4"
                            href="/proyect/p4"
                            onClick={[Function]}
                          >
                            Proyect 4
                          </a>
                        </LinkAnchor>
                      </Link>
                      <p
                        className="list__status list__status--todo"
                      >
                        todo
                      </p>
                      <p
                        className="list__invoice"
                      >
                        100
                      </p>
                      <div
                        className="list__dropdown"
                      >
                        <div
                          className="list__dropdown-button"
                          onMouseEnter={[Function]}
                        >
                          <i
                            className="fas fa-sliders-h"
                          />
                          <i
                            className="fas fa-sort-down"
                          />
                        </div>
                        <div
                          className="list__dropdown-content"
                        >
                          <ul>
                            <li
                              className="editBtn"
                              data-id="p4"
                              onClick={[Function]}
                            >
                              Edit
                            </li>
                            <li
                              className="removeBtn"
                              data-id="p4"
                              onClick={[Function]}
                            >
                              Remove
                            </li>
                          </ul>
                        </div>
                      </div>
                    </div>
                  </ListItem>
                  <ListItem
                    color="red"
                    description="This is my proyect fixure 5"
                    endDate={1616968800000}
                    id="p5"
                    invoice="200"
                    key="p5"
                    name="Proyect 5"
                    startDate={1616626800000}
                    status="doing"
                  >
                    <div
                      className="list__body-item"
                      key="p5"
                    >
                      <Link
                        className="list__name"
                        data-id="p5"
                        onClick={[Function]}
                        to="/proyect/p5"
                      >
                        <LinkAnchor
                          className="list__name"
                          data-id="p5"
                          href="/proyect/p5"
                          navigate={[Function]}
                          onClick={[Function]}
                        >
                          <a
                            className="list__name"
                            data-id="p5"
                            href="/proyect/p5"
                            onClick={[Function]}
                          >
                            Proyect 5
                          </a>
                        </LinkAnchor>
                      </Link>
                      <p
                        className="list__status list__status--doing"
                      >
                        doing
                      </p>
                      <p
                        className="list__invoice"
                      >
                        200
                      </p>
                      <div
                        className="list__dropdown"
                      >
                        <div
                          className="list__dropdown-button"
                          onMouseEnter={[Function]}
                        >
                          <i
                            className="fas fa-sliders-h"
                          />
                          <i
                            className="fas fa-sort-down"
                          />
                        </div>
                        <div
                          className="list__dropdown-content"
                        >
                          <ul>
                            <li
                              className="editBtn"
                              data-id="p5"
                              onClick={[Function]}
                            >
                              Edit
                            </li>
                            <li
                              className="removeBtn"
                              data-id="p5"
                              onClick={[Function]}
                            >
                              Remove
                            </li>
                          </ul>
                        </div>
                      </div>
                    </div>
                  </ListItem>
                </div>
              </ListBody>
              <Pagination
                onItemsChange={[Function]}
                onPageLimitChange={[Function]}
                pageLimit={5}
                pageNeighbours={1}
                totalItems={18}
              >
                <div
                  className="pagination"
                >
                  <PaginationSelect
                    onPageLimitChange={[Function]}
                    pageLimit={5}
                    totalItems={18}
                    totalPages={4}
                  >
                    <div
                      className="pagination__limit"
                    >
                      <select
                        className="filters__item"
                        onChange={[Function]}
                        value={5}
                      >
                        <option
                          value="2"
                        >
                          2 rows
                        </option>
                        <option
                          value="5"
                        >
                          5 rows
                        </option>
                        <option
                          value="10"
                        >
                          10 rows
                        </option>
                        <option
                          value="all"
                        >
                          All rows
                        </option>
                      </select>
                    </div>
                  </PaginationSelect>
                  <PaginationPages
                    currentPage={1}
                    onItemsChange={[Function]}
                    pageLimit={5}
                    pageNeighbours={1}
                    pages={
                      Array [
                        1,
                        2,
                        3,
                        4,
                      ]
                    }
                    setCurrentPage={[Function]}
                    totalPages={4}
                  >
                    <nav
                      className="pagination__pages"
                    >
                      <ul>
                        <PaginationPageItem
                          currentPage={1}
                          goToPage={[Function]}
                          key="1"
                          page={1}
                          pageNeighbours={1}
                          totalPages={4}
                        >
                          <li>
                            <a
                              className="pagination__active-page"
                              onClick={[Function]}
                            >
                              1
                            </a>
                          </li>
                        </PaginationPageItem>
                        <PaginationPageItem
                          currentPage={1}
                          goToPage={[Function]}
                          key="2"
                          page={2}
                          pageNeighbours={1}
                          totalPages={4}
                        >
                          <li>
                            <a
                              className=""
                              onClick={[Function]}
                            >
                              2
                            </a>
                          </li>
                        </PaginationPageItem>
                        <PaginationPageItem
                          currentPage={1}
                          goToPage={[Function]}
                          key="3"
                          page={3}
                          pageNeighbours={1}
                          totalPages={4}
                        >
                          <li>
                            <a
                              className=""
                              onClick={[Function]}
                            >
                              3
                            </a>
                          </li>
                        </PaginationPageItem>
                        <PaginationPageItem
                          currentPage={1}
                          goToPage={[Function]}
                          key="4"
                          page={4}
                          pageNeighbours={1}
                          totalPages={4}
                        >
                          <li>
                            <a
                              className=""
                              onClick={[Function]}
                            >
                              4
                            </a>
                          </li>
                        </PaginationPageItem>
                      </ul>
                    </nav>
                  </PaginationPages>
                </div>
              </Pagination>
            </div>
          </div>
        </div>
      </List>
    </Provider>
  </Router>
</MemoryRouter>
`;
