// Jest Snapshot v1, https://goo.gl/fbAQLP

exports[`Shoud render Header correctly 1`] = `
<MemoryRouter
  initialEntries={
    Array [
      Object {
        "key": "static",
      },
    ]
  }
>
  <Router
    history={
      Object {
        "action": "POP",
        "block": [Function],
        "canGo": [Function],
        "createHref": [Function],
        "entries": Array [
          Object {
            "hash": "",
            "key": "static",
            "pathname": "/",
            "search": "",
          },
        ],
        "go": [Function],
        "goBack": [Function],
        "goForward": [Function],
        "index": 0,
        "length": 1,
        "listen": [Function],
        "location": Object {
          "hash": "",
          "key": "static",
          "pathname": "/",
          "search": "",
        },
        "push": [Function],
        "replace": [Function],
      }
    }
  >
    <Provider
      store={
        Object {
          "dispatch": [Function],
          "getState": [Function],
          "replaceReducer": [Function],
          "subscribe": [Function],
          Symbol(observable): [Function],
        }
      }
    >
      <Header>
        <header
          className="header"
        >
          <div
            className="container"
          >
            <div
              className="header__content"
            >
              <Link
                to="/dashboard"
              >
                <LinkAnchor
                  href="/dashboard"
                  navigate={[Function]}
                >
                  <a
                    href="/dashboard"
                    onClick={[Function]}
                  >
                    <span
                      className="header__title"
                    >
                      Proyect Manager
                    </span>
                  </a>
                </LinkAnchor>
              </Link>
              <button
                className="button--link"
                onClick={[Function]}
              >
                Logout
              </button>
            </div>
          </div>
        </header>
      </Header>
    </Provider>
  </Router>
</MemoryRouter>
`;
