// Jest Snapshot v1, https://goo.gl/fbAQLP

exports[`Should render ReadTaskPage correctly with task data 1`] = `
<MemoryRouter
  initialEntries={
    Array [
      Object {
        "key": "static",
        "pathname": "/task/t1",
      },
    ]
  }
>
  <Router
    history={
      Object {
        "action": "POP",
        "block": [Function],
        "canGo": [Function],
        "createHref": [Function],
        "entries": Array [
          Object {
            "hash": "",
            "key": "static",
            "pathname": "/task/t1",
            "search": "",
          },
        ],
        "go": [Function],
        "goBack": [Function],
        "goForward": [Function],
        "index": 0,
        "length": 1,
        "listen": [Function],
        "location": Object {
          "hash": "",
          "key": "static",
          "pathname": "/task/t1",
          "search": "",
        },
        "push": [Function],
        "replace": [Function],
      }
    }
  >
    <Route
      path="/task/:taskId"
    >
      <Provider
        store={
          Object {
            "dispatch": [Function],
            "getState": [Function],
            "replaceReducer": [Function],
            "subscribe": [Function],
            Symbol(observable): [Function],
          }
        }
      >
        <ReadTaskPage>
          <section
            className="read-page"
          >
            <div
              className="container"
            >
              <h1
                className="read-page__title"
              >
                Task 1
              </h1>
              <p
                className="read-page__status"
              >
                todo
              </p>
              <p
                className="read-page__text"
              >
                This is my task fixure 1
              </p>
            </div>
          </section>
        </ReadTaskPage>
      </Provider>
    </Route>
  </Router>
</MemoryRouter>
`;
